2026-06-05 14:50:47,936 INFO o.a.j.u.JMeterUtils: Setting Locale to en_EN
2026-06-05 14:50:47,994 INFO o.a.j.JMeter: Loading user properties from: C:\Users\seth\Downloads\apache-jmeter-5.6.3\apache-jmeter-5.6.3\bin\user.properties
2026-06-05 14:50:48,027 INFO o.a.j.JMeter: Loading system properties from: C:\Users\seth\Downloads\apache-jmeter-5.6.3\apache-jmeter-5.6.3\bin\system.properties
2026-06-05 14:50:48,044 INFO o.a.j.JMeter: Copyright (c) 1998-2024 The Apache Software Foundation
2026-06-05 14:50:48,045 INFO o.a.j.JMeter: Version 5.6.3
2026-06-05 14:50:48,045 INFO o.a.j.JMeter: java.version=26
2026-06-05 14:50:48,045 INFO o.a.j.JMeter: java.vm.name=Java HotSpot(TM) 64-Bit Server VM
2026-06-05 14:50:48,045 INFO o.a.j.JMeter: os.name=Windows 11
2026-06-05 14:50:48,045 INFO o.a.j.JMeter: os.arch=amd64
2026-06-05 14:50:48,045 INFO o.a.j.JMeter: os.version=10.0
2026-06-05 14:50:48,045 INFO o.a.j.JMeter: file.encoding=UTF-8
2026-06-05 14:50:48,045 INFO o.a.j.JMeter: java.awt.headless=true
2026-06-05 14:50:48,045 INFO o.a.j.JMeter: Max memory     =1073741824
2026-06-05 14:50:48,045 INFO o.a.j.JMeter: Available Processors =12
2026-06-05 14:50:48,079 INFO o.a.j.JMeter: Default Locale=English (EN)
2026-06-05 14:50:48,081 INFO o.a.j.JMeter: JMeter  Locale=English (EN)
2026-06-05 14:50:48,081 INFO o.a.j.JMeter: JMeterHome=C:\Users\seth\Downloads\apache-jmeter-5.6.3\apache-jmeter-5.6.3
2026-06-05 14:50:48,081 INFO o.a.j.JMeter: user.dir  =C:\fig\jmeter
2026-06-05 14:50:48,082 INFO o.a.j.JMeter: PWD       =C:\fig\jmeter
2026-06-05 14:50:48,084 INFO o.a.j.JMeter: IP: 172.25.0.1 Name: DESKTOP-H0N1NGJ FullName: DESKTOP-H0N1NGJ.mshome.net
2026-06-05 14:50:48,127 INFO o.a.j.JMeter: Setting property 'jmeter.reportgenerator.outputdir' to:'C:\fig\jmeter-results\gateway-stress-20260605-145027\html-report'
2026-06-05 14:50:48,135 INFO o.a.j.s.FileServer: Default base='C:\fig\jmeter'
2026-06-05 14:50:48,136 INFO o.a.j.s.FileServer: Set new base='C:\fig\jmeter-results\gateway-stress-20260605-145027'
2026-06-05 14:50:48,465 INFO o.a.j.s.SaveService: Testplan (JMX) version: 2.2. Testlog (JTL) version: 2.2
2026-06-05 14:50:48,552 INFO o.a.j.s.SaveService: Using SaveService properties version 5.0
2026-06-05 14:50:48,557 INFO o.a.j.s.SaveService: Using SaveService properties file encoding UTF-8
2026-06-05 14:50:48,562 INFO o.a.j.s.SaveService: Loading file: C:\fig\jmeter-results\gateway-stress-20260605-145027\gateway-stress-test.jmx
2026-06-05 14:50:48,683 INFO o.a.j.p.h.s.HTTPSamplerBase: Parser for text/html is org.apache.jmeter.protocol.http.parser.LagartoBasedHtmlParser
2026-06-05 14:50:48,683 INFO o.a.j.p.h.s.HTTPSamplerBase: Parser for application/xhtml+xml is org.apache.jmeter.protocol.http.parser.LagartoBasedHtmlParser
2026-06-05 14:50:48,683 INFO o.a.j.p.h.s.HTTPSamplerBase: Parser for application/xml is org.apache.jmeter.protocol.http.parser.LagartoBasedHtmlParser
2026-06-05 14:50:48,683 INFO o.a.j.p.h.s.HTTPSamplerBase: Parser for text/xml is org.apache.jmeter.protocol.http.parser.LagartoBasedHtmlParser
2026-06-05 14:50:48,683 INFO o.a.j.p.h.s.HTTPSamplerBase: Parser for text/vnd.wap.wml is org.apache.jmeter.protocol.http.parser.RegexpHTMLParser
2026-06-05 14:50:48,683 INFO o.a.j.p.h.s.HTTPSamplerBase: Parser for text/css is org.apache.jmeter.protocol.http.parser.CssParser
2026-06-05 14:50:48,722 INFO o.a.j.JMeter: Creating summariser <summary>
2026-06-05 14:50:48,739 INFO o.a.j.r.d.ReportGenerator: ReportGenerator will use for Parsing the separator: ','
2026-06-05 14:50:48,739 INFO o.a.j.r.d.ReportGenerator: Will generate report at end of test from  results file: C:\fig\jmeter-results\gateway-stress-20260605-145027\results.jtl
2026-06-05 14:50:48,739 INFO o.a.j.r.d.ReportGenerator: Reading report generator properties from: C:\Users\seth\Downloads\apache-jmeter-5.6.3\apache-jmeter-5.6.3\bin\reportgenerator.properties
2026-06-05 14:50:48,764 INFO o.a.j.r.d.ReportGenerator: Merging with JMeter properties
2026-06-05 14:50:48,772 INFO o.a.j.r.c.ReportGeneratorConfiguration: Property 'jmeter.reportgenerator.temp_dir' not found, using default value 'temp' instead.
2026-06-05 14:50:48,774 INFO o.a.j.r.c.ReportGeneratorConfiguration: Property 'jmeter.reportgenerator.apdex_per_transaction' not found, using default value 'null' instead.
2026-06-05 14:50:48,774 INFO o.a.j.r.c.ReportGeneratorConfiguration: apdex_per_transaction is empty, not APDEX per transaction customization
2026-06-05 14:50:48,774 INFO o.a.j.r.c.ReportGeneratorConfiguration: Property 'jmeter.reportgenerator.sample_filter' not found, using default value 'null' instead.
2026-06-05 14:50:48,774 INFO o.a.j.r.c.ReportGeneratorConfiguration: Property 'jmeter.reportgenerator.report_title' not found, using default value 'null' instead.
2026-06-05 14:50:48,774 INFO o.a.j.r.c.ReportGeneratorConfiguration: Property 'jmeter.reportgenerator.start_date' not found, using default value 'null' instead.
2026-06-05 14:50:48,774 INFO o.a.j.r.c.ReportGeneratorConfiguration: Property 'jmeter.reportgenerator.end_date' not found, using default value 'null' instead.
2026-06-05 14:50:48,774 INFO o.a.j.r.c.ReportGeneratorConfiguration: Property 'jmeter.reportgenerator.date_format' not found, using default value 'null' instead.
2026-06-05 14:50:48,774 INFO o.a.j.r.c.ReportGeneratorConfiguration: Will use date range start date: null, end date: null
2026-06-05 14:50:48,780 INFO o.a.j.r.c.ReportGeneratorConfiguration: Property 'jmeter.reportgenerator.graph.totalTPS.exclude_controllers' not found, using default value 'false' instead.
2026-06-05 14:50:48,780 INFO o.a.j.r.c.ReportGeneratorConfiguration: Property 'jmeter.reportgenerator.graph.activeThreadsOverTime.exclude_controllers' not found, using default value 'false' instead.
2026-06-05 14:50:48,780 INFO o.a.j.r.c.ReportGeneratorConfiguration: Property 'jmeter.reportgenerator.graph.timeVsThreads.exclude_controllers' not found, using default value 'false' instead.
2026-06-05 14:50:48,780 INFO o.a.j.r.c.ReportGeneratorConfiguration: Property 'jmeter.reportgenerator.graph.responseTimeDistribution.exclude_controllers' not found, using default value 'false' instead.
2026-06-05 14:50:48,780 INFO o.a.j.r.c.ReportGeneratorConfiguration: Property 'jmeter.reportgenerator.graph.transactionsPerSecond.exclude_controllers' not found, using default value 'false' instead.
2026-06-05 14:50:48,780 INFO o.a.j.r.c.ReportGeneratorConfiguration: Property 'jmeter.reportgenerator.graph.responseTimePercentiles.exclude_controllers' not found, using default value 'false' instead.
2026-06-05 14:50:48,780 INFO o.a.j.r.c.ReportGeneratorConfiguration: Property 'jmeter.reportgenerator.graph.responseTimePercentilesOverTime.exclude_controllers' not found, using default value 'false' instead.
2026-06-05 14:50:48,780 INFO o.a.j.r.c.ReportGeneratorConfiguration: Property 'jmeter.reportgenerator.graph.responseTimesOverTime.exclude_controllers' not found, using default value 'false' instead.
2026-06-05 14:50:48,780 INFO o.a.j.r.c.ReportGeneratorConfiguration: Property 'jmeter.reportgenerator.graph.connectTimeOverTime.exclude_controllers' not found, using default value 'false' instead.
2026-06-05 14:50:48,781 INFO o.a.j.r.c.ReportGeneratorConfiguration: Property 'jmeter.reportgenerator.graph.latenciesOverTime.exclude_controllers' not found, using default value 'false' instead.
2026-06-05 14:50:48,781 INFO o.a.j.r.c.ReportGeneratorConfiguration: Property 'jmeter.reportgenerator.exporter.json.filters_only_sample_series' not found, using default value 'true' instead.
2026-06-05 14:50:48,781 INFO o.a.j.r.c.ReportGeneratorConfiguration: Property 'jmeter.reportgenerator.exporter.json.series_filter' not found, using default value '' instead.
2026-06-05 14:50:48,781 INFO o.a.j.r.c.ReportGeneratorConfiguration: Property 'jmeter.reportgenerator.exporter.json.show_controllers_only' not found, using default value 'false' instead.
2026-06-05 14:50:48,781 INFO o.a.j.r.c.ReportGeneratorConfiguration: Property 'jmeter.reportgenerator.exporter.html.filters_only_sample_series' not found, using default value 'true' instead.
2026-06-05 14:50:48,782 INFO o.a.j.r.c.ReportGeneratorConfiguration: Property 'jmeter.reportgenerator.exporter.html.series_filter' not found, using default value '' instead.
2026-06-05 14:50:48,782 INFO o.a.j.r.c.ReportGeneratorConfiguration: Property 'jmeter.reportgenerator.exporter.html.show_controllers_only' not found, using default value 'false' instead.
2026-06-05 14:50:48,803 INFO o.a.j.e.StandardJMeterEngine: Running the test!
2026-06-05 14:50:48,804 INFO o.a.j.s.SampleEvent: List of sample_variables: []
2026-06-05 14:50:48,804 INFO o.a.j.s.SampleEvent: List of sample_variables: []
2026-06-05 14:50:48,812 INFO o.a.j.e.u.CompoundVariable: Note: Function class names must contain the string: '.functions.'
2026-06-05 14:50:48,812 INFO o.a.j.e.u.CompoundVariable: Note: Function class names must not contain the string: '.gui.'
2026-06-05 14:50:48,938 INFO o.a.j.JMeter: Running test (1780692648938)
2026-06-05 14:50:48,975 INFO o.a.j.e.StandardJMeterEngine: Starting ThreadGroup: 1 : Gateway Mixed Load
2026-06-05 14:50:48,975 INFO o.a.j.e.StandardJMeterEngine: Starting 46 threads for group Gateway Mixed Load.
2026-06-05 14:50:48,975 INFO o.a.j.e.StandardJMeterEngine: Thread will continue on error
2026-06-05 14:50:48,975 INFO o.a.j.t.ThreadGroup: Starting thread group... number=1 threads=46 ramp-up=15 delayedStart=false
2026-06-05 14:50:48,982 INFO o.a.j.t.JMeterThread: Thread started: Gateway Mixed Load 1-1
2026-06-05 14:50:49,011 INFO o.a.j.t.ThreadGroup: Started thread group number 1
2026-06-05 14:50:49,011 INFO o.a.j.e.StandardJMeterEngine: All thread groups have been started
2026-06-05 14:50:49,307 INFO o.a.j.t.JMeterThread: Thread started: Gateway Mixed Load 1-2
2026-06-05 14:50:49,357 INFO o.a.j.p.h.s.HTTPHCAbstractImpl: Local host = DESKTOP-H0N1NGJ
2026-06-05 14:50:49,376 INFO o.a.j.p.h.s.HTTPHC4Impl: HTTP request retry count = 0
2026-06-05 14:50:49,379 INFO o.a.j.s.SampleResult: Note: Sample TimeStamps are START times
2026-06-05 14:50:49,379 INFO o.a.j.s.SampleResult: sampleresult.default.encoding is set to UTF-8
2026-06-05 14:50:49,379 INFO o.a.j.s.SampleResult: sampleresult.useNanoTime=true
2026-06-05 14:50:49,379 INFO o.a.j.s.SampleResult: sampleresult.nanoThreadSleep=5000
2026-06-05 14:50:49,631 INFO o.a.j.t.JMeterThread: Thread started: Gateway Mixed Load 1-3
2026-06-05 14:50:49,958 INFO o.a.j.t.JMeterThread: Thread started: Gateway Mixed Load 1-4
2026-06-05 14:50:50,283 INFO o.a.j.t.JMeterThread: Thread started: Gateway Mixed Load 1-5
2026-06-05 14:50:50,616 INFO o.a.j.t.JMeterThread: Thread started: Gateway Mixed Load 1-6
2026-06-05 14:50:50,934 INFO o.a.j.t.JMeterThread: Thread started: Gateway Mixed Load 1-7
2026-06-05 14:50:51,268 INFO o.a.j.t.JMeterThread: Thread started: Gateway Mixed Load 1-8
2026-06-05 14:50:51,593 INFO o.a.j.t.JMeterThread: Thread started: Gateway Mixed Load 1-9
2026-06-05 14:50:51,919 INFO o.a.j.t.JMeterThread: Thread started: Gateway Mixed Load 1-10
2026-06-05 14:50:52,243 INFO o.a.j.t.JMeterThread: Thread started: Gateway Mixed Load 1-11
2026-06-05 14:50:52,568 INFO o.a.j.t.JMeterThread: Thread started: Gateway Mixed Load 1-12
2026-06-05 14:50:52,893 INFO o.a.j.t.JMeterThread: Thread started: Gateway Mixed Load 1-13
2026-06-05 14:50:53,218 INFO o.a.j.t.JMeterThread: Thread started: Gateway Mixed Load 1-14
2026-06-05 14:50:53,541 INFO o.a.j.t.JMeterThread: Thread started: Gateway Mixed Load 1-15
2026-06-05 14:50:53,878 INFO o.a.j.t.JMeterThread: Thread started: Gateway Mixed Load 1-16
2026-06-05 14:50:54,201 INFO o.a.j.t.JMeterThread: Thread started: Gateway Mixed Load 1-17
2026-06-05 14:50:54,524 INFO o.a.j.t.JMeterThread: Thread started: Gateway Mixed Load 1-18
2026-06-05 14:50:54,847 INFO o.a.j.t.JMeterThread: Thread started: Gateway Mixed Load 1-19
2026-06-05 14:50:55,170 INFO o.a.j.t.JMeterThread: Thread started: Gateway Mixed Load 1-20
2026-06-05 14:50:55,509 INFO o.a.j.t.JMeterThread: Thread started: Gateway Mixed Load 1-21
2026-06-05 14:50:55,831 INFO o.a.j.t.JMeterThread: Thread started: Gateway Mixed Load 1-22
2026-06-05 14:50:56,154 INFO o.a.j.t.JMeterThread: Thread started: Gateway Mixed Load 1-23
2026-06-05 14:50:56,477 INFO o.a.j.t.JMeterThread: Thread started: Gateway Mixed Load 1-24
2026-06-05 14:50:56,804 INFO o.a.j.t.JMeterThread: Thread started: Gateway Mixed Load 1-25
2026-06-05 14:50:57,138 INFO o.a.j.t.JMeterThread: Thread started: Gateway Mixed Load 1-26
2026-06-05 14:50:57,459 INFO o.a.j.t.JMeterThread: Thread started: Gateway Mixed Load 1-27
2026-06-05 14:50:57,787 INFO o.a.j.t.JMeterThread: Thread started: Gateway Mixed Load 1-28
2026-06-05 14:50:58,108 INFO o.a.j.t.JMeterThread: Thread started: Gateway Mixed Load 1-29
2026-06-05 14:50:58,448 INFO o.a.j.t.JMeterThread: Thread started: Gateway Mixed Load 1-30
2026-06-05 14:50:58,768 INFO o.a.j.t.JMeterThread: Thread started: Gateway Mixed Load 1-31
2026-06-05 14:50:59,091 INFO o.a.j.t.JMeterThread: Thread started: Gateway Mixed Load 1-32
2026-06-05 14:50:59,416 INFO o.a.j.t.JMeterThread: Thread started: Gateway Mixed Load 1-33
2026-06-05 14:50:59,740 INFO o.a.j.t.JMeterThread: Thread started: Gateway Mixed Load 1-34
2026-06-05 14:51:00,061 INFO o.a.j.t.JMeterThread: Thread started: Gateway Mixed Load 1-35
2026-06-05 14:51:00,098 INFO o.a.j.r.Summariser: summary +    532 in 00:00:11 =   47.9/s Avg:    41 Min:     1 Max:   918 Err:     0 (0.00%) Active: 35 Started: 35 Finished: 0
2026-06-05 14:51:00,402 INFO o.a.j.t.JMeterThread: Thread started: Gateway Mixed Load 1-36
2026-06-05 14:51:00,720 INFO o.a.j.t.JMeterThread: Thread started: Gateway Mixed Load 1-37
2026-06-05 14:51:01,042 INFO o.a.j.t.JMeterThread: Thread started: Gateway Mixed Load 1-38
2026-06-05 14:51:01,369 INFO o.a.j.t.JMeterThread: Thread started: Gateway Mixed Load 1-39
2026-06-05 14:51:01,694 INFO o.a.j.t.JMeterThread: Thread started: Gateway Mixed Load 1-40
2026-06-05 14:51:02,034 INFO o.a.j.t.JMeterThread: Thread started: Gateway Mixed Load 1-41
2026-06-05 14:51:02,356 INFO o.a.j.t.JMeterThread: Thread started: Gateway Mixed Load 1-42
2026-06-05 14:51:02,681 INFO o.a.j.t.JMeterThread: Thread started: Gateway Mixed Load 1-43
2026-06-05 14:51:03,003 INFO o.a.j.t.JMeterThread: Thread started: Gateway Mixed Load 1-44
2026-06-05 14:51:03,326 INFO o.a.j.t.JMeterThread: Thread started: Gateway Mixed Load 1-45
2026-06-05 14:51:03,650 INFO o.a.j.t.JMeterThread: Thread started: Gateway Mixed Load 1-46
2026-06-05 14:51:07,752 INFO o.a.j.t.JMeterThread: Thread is done: Gateway Mixed Load 1-3
2026-06-05 14:51:07,752 INFO o.a.j.t.JMeterThread: Thread finished: Gateway Mixed Load 1-3
2026-06-05 14:51:08,080 INFO o.a.j.t.JMeterThread: Thread is done: Gateway Mixed Load 1-2
2026-06-05 14:51:08,080 INFO o.a.j.t.JMeterThread: Thread finished: Gateway Mixed Load 1-2
2026-06-05 14:51:08,104 INFO o.a.j.t.JMeterThread: Thread is done: Gateway Mixed Load 1-6
2026-06-05 14:51:08,104 INFO o.a.j.t.JMeterThread: Thread finished: Gateway Mixed Load 1-6
2026-06-05 14:51:08,128 INFO o.a.j.t.JMeterThread: Thread is done: Gateway Mixed Load 1-5
2026-06-05 14:51:08,128 INFO o.a.j.t.JMeterThread: Thread finished: Gateway Mixed Load 1-5
2026-06-05 14:51:08,130 INFO o.a.j.t.JMeterThread: Thread is done: Gateway Mixed Load 1-4
2026-06-05 14:51:08,130 INFO o.a.j.t.JMeterThread: Thread finished: Gateway Mixed Load 1-4
2026-06-05 14:51:08,133 INFO o.a.j.t.JMeterThread: Thread is done: Gateway Mixed Load 1-1
2026-06-05 14:51:08,133 INFO o.a.j.t.JMeterThread: Thread finished: Gateway Mixed Load 1-1
2026-06-05 14:51:08,339 INFO o.a.j.t.JMeterThread: Thread is done: Gateway Mixed Load 1-7
2026-06-05 14:51:08,339 INFO o.a.j.t.JMeterThread: Thread finished: Gateway Mixed Load 1-7
2026-06-05 14:51:08,780 INFO o.a.j.t.JMeterThread: Thread is done: Gateway Mixed Load 1-8
2026-06-05 14:51:08,780 INFO o.a.j.t.JMeterThread: Thread finished: Gateway Mixed Load 1-8
2026-06-05 14:51:09,007 INFO o.a.j.t.JMeterThread: Thread is done: Gateway Mixed Load 1-9
2026-06-05 14:51:09,008 INFO o.a.j.t.JMeterThread: Thread finished: Gateway Mixed Load 1-9
2026-06-05 14:51:09,087 INFO o.a.j.t.JMeterThread: Thread is done: Gateway Mixed Load 1-10
2026-06-05 14:51:09,087 INFO o.a.j.t.JMeterThread: Thread finished: Gateway Mixed Load 1-10
2026-06-05 14:51:09,875 INFO o.a.j.t.JMeterThread: Thread is done: Gateway Mixed Load 1-11
2026-06-05 14:51:09,875 INFO o.a.j.t.JMeterThread: Thread finished: Gateway Mixed Load 1-11
2026-06-05 14:51:10,061 INFO o.a.j.t.JMeterThread: Thread is done: Gateway Mixed Load 1-12
2026-06-05 14:51:10,061 INFO o.a.j.t.JMeterThread: Thread finished: Gateway Mixed Load 1-12
2026-06-05 14:51:10,520 INFO o.a.j.t.JMeterThread: Thread is done: Gateway Mixed Load 1-14
2026-06-05 14:51:10,521 INFO o.a.j.t.JMeterThread: Thread finished: Gateway Mixed Load 1-14
2026-06-05 14:51:10,530 INFO o.a.j.t.JMeterThread: Thread is done: Gateway Mixed Load 1-13
2026-06-05 14:51:10,531 INFO o.a.j.t.JMeterThread: Thread finished: Gateway Mixed Load 1-13
2026-06-05 14:51:10,828 INFO o.a.j.t.JMeterThread: Thread is done: Gateway Mixed Load 1-15
2026-06-05 14:51:10,829 INFO o.a.j.t.JMeterThread: Thread finished: Gateway Mixed Load 1-15
2026-06-05 14:51:11,198 INFO o.a.j.t.JMeterThread: Thread is done: Gateway Mixed Load 1-16
2026-06-05 14:51:11,198 INFO o.a.j.t.JMeterThread: Thread finished: Gateway Mixed Load 1-16
2026-06-05 14:51:11,609 INFO o.a.j.t.JMeterThread: Thread is done: Gateway Mixed Load 1-17
2026-06-05 14:51:11,609 INFO o.a.j.t.JMeterThread: Thread finished: Gateway Mixed Load 1-17
2026-06-05 14:51:12,240 INFO o.a.j.t.JMeterThread: Thread is done: Gateway Mixed Load 1-19
2026-06-05 14:51:12,240 INFO o.a.j.t.JMeterThread: Thread finished: Gateway Mixed Load 1-19
2026-06-05 14:51:12,252 INFO o.a.j.t.JMeterThread: Thread is done: Gateway Mixed Load 1-18
2026-06-05 14:51:12,252 INFO o.a.j.t.JMeterThread: Thread finished: Gateway Mixed Load 1-18
2026-06-05 14:51:12,578 INFO o.a.j.t.JMeterThread: Thread is done: Gateway Mixed Load 1-20
2026-06-05 14:51:12,578 INFO o.a.j.t.JMeterThread: Thread finished: Gateway Mixed Load 1-20
2026-06-05 14:51:12,949 INFO o.a.j.t.JMeterThread: Thread is done: Gateway Mixed Load 1-21
2026-06-05 14:51:12,949 INFO o.a.j.t.JMeterThread: Thread finished: Gateway Mixed Load 1-21
2026-06-05 14:51:13,362 INFO o.a.j.t.JMeterThread: Thread is done: Gateway Mixed Load 1-22
2026-06-05 14:51:13,362 INFO o.a.j.t.JMeterThread: Thread finished: Gateway Mixed Load 1-22
2026-06-05 14:51:13,376 INFO o.a.j.t.JMeterThread: Thread is done: Gateway Mixed Load 1-23
2026-06-05 14:51:13,377 INFO o.a.j.t.JMeterThread: Thread finished: Gateway Mixed Load 1-23
2026-06-05 14:51:13,938 INFO o.a.j.t.JMeterThread: Thread is done: Gateway Mixed Load 1-24
2026-06-05 14:51:13,938 INFO o.a.j.t.JMeterThread: Thread finished: Gateway Mixed Load 1-24
2026-06-05 14:51:13,980 INFO o.a.j.t.JMeterThread: Thread is done: Gateway Mixed Load 1-25
2026-06-05 14:51:13,980 INFO o.a.j.t.JMeterThread: Thread finished: Gateway Mixed Load 1-25
2026-06-05 14:51:14,234 INFO o.a.j.t.JMeterThread: Thread is done: Gateway Mixed Load 1-26
2026-06-05 14:51:14,234 INFO o.a.j.t.JMeterThread: Thread finished: Gateway Mixed Load 1-26
2026-06-05 14:51:15,055 INFO o.a.j.t.JMeterThread: Thread is done: Gateway Mixed Load 1-27
2026-06-05 14:51:15,055 INFO o.a.j.t.JMeterThread: Thread finished: Gateway Mixed Load 1-27
2026-06-05 14:51:15,086 INFO o.a.j.t.JMeterThread: Thread is done: Gateway Mixed Load 1-28
2026-06-05 14:51:15,086 INFO o.a.j.t.JMeterThread: Thread finished: Gateway Mixed Load 1-28
2026-06-05 14:51:15,680 INFO o.a.j.t.JMeterThread: Thread is done: Gateway Mixed Load 1-30
2026-06-05 14:51:15,680 INFO o.a.j.t.JMeterThread: Thread finished: Gateway Mixed Load 1-30
2026-06-05 14:51:15,682 INFO o.a.j.t.JMeterThread: Thread is done: Gateway Mixed Load 1-29
2026-06-05 14:51:15,682 INFO o.a.j.t.JMeterThread: Thread finished: Gateway Mixed Load 1-29
2026-06-05 14:51:15,995 INFO o.a.j.t.JMeterThread: Thread is done: Gateway Mixed Load 1-31
2026-06-05 14:51:15,995 INFO o.a.j.t.JMeterThread: Thread finished: Gateway Mixed Load 1-31
2026-06-05 14:51:16,410 INFO o.a.j.t.JMeterThread: Thread is done: Gateway Mixed Load 1-32
2026-06-05 14:51:16,410 INFO o.a.j.t.JMeterThread: Thread finished: Gateway Mixed Load 1-32
2026-06-05 14:51:16,782 INFO o.a.j.t.JMeterThread: Thread is done: Gateway Mixed Load 1-33
2026-06-05 14:51:16,782 INFO o.a.j.t.JMeterThread: Thread finished: Gateway Mixed Load 1-33
2026-06-05 14:51:16,826 INFO o.a.j.t.JMeterThread: Thread is done: Gateway Mixed Load 1-34
2026-06-05 14:51:16,827 INFO o.a.j.t.JMeterThread: Thread finished: Gateway Mixed Load 1-34
2026-06-05 14:51:17,400 INFO o.a.j.t.JMeterThread: Thread is done: Gateway Mixed Load 1-35
2026-06-05 14:51:17,400 INFO o.a.j.t.JMeterThread: Thread finished: Gateway Mixed Load 1-35
2026-06-05 14:51:17,686 INFO o.a.j.t.JMeterThread: Thread is done: Gateway Mixed Load 1-36
2026-06-05 14:51:17,687 INFO o.a.j.t.JMeterThread: Thread finished: Gateway Mixed Load 1-36
2026-06-05 14:51:18,137 INFO o.a.j.t.JMeterThread: Thread is done: Gateway Mixed Load 1-37
2026-06-05 14:51:18,137 INFO o.a.j.t.JMeterThread: Thread finished: Gateway Mixed Load 1-37
2026-06-05 14:51:18,515 INFO o.a.j.t.JMeterThread: Thread is done: Gateway Mixed Load 1-38
2026-06-05 14:51:18,515 INFO o.a.j.t.JMeterThread: Thread finished: Gateway Mixed Load 1-38
2026-06-05 14:51:18,517 INFO o.a.j.t.JMeterThread: Thread is done: Gateway Mixed Load 1-39
2026-06-05 14:51:18,517 INFO o.a.j.t.JMeterThread: Thread finished: Gateway Mixed Load 1-39
2026-06-05 14:51:18,677 INFO o.a.j.t.JMeterThread: Thread is done: Gateway Mixed Load 1-40
2026-06-05 14:51:18,677 INFO o.a.j.t.JMeterThread: Thread finished: Gateway Mixed Load 1-40
2026-06-05 14:51:19,097 INFO o.a.j.t.JMeterThread: Thread is done: Gateway Mixed Load 1-41
2026-06-05 14:51:19,097 INFO o.a.j.t.JMeterThread: Thread finished: Gateway Mixed Load 1-41
2026-06-05 14:51:19,431 INFO o.a.j.t.JMeterThread: Thread is done: Gateway Mixed Load 1-42
2026-06-05 14:51:19,431 INFO o.a.j.t.JMeterThread: Thread finished: Gateway Mixed Load 1-42
2026-06-05 14:51:19,851 INFO o.a.j.t.JMeterThread: Thread is done: Gateway Mixed Load 1-43
2026-06-05 14:51:19,851 INFO o.a.j.t.JMeterThread: Thread finished: Gateway Mixed Load 1-43
2026-06-05 14:51:20,221 INFO o.a.j.t.JMeterThread: Thread is done: Gateway Mixed Load 1-44
2026-06-05 14:51:20,221 INFO o.a.j.t.JMeterThread: Thread finished: Gateway Mixed Load 1-44
2026-06-05 14:51:20,270 INFO o.a.j.t.JMeterThread: Thread is done: Gateway Mixed Load 1-45
2026-06-05 14:51:20,270 INFO o.a.j.t.JMeterThread: Thread finished: Gateway Mixed Load 1-45
2026-06-05 14:51:20,804 INFO o.a.j.t.JMeterThread: Thread is done: Gateway Mixed Load 1-46
2026-06-05 14:51:20,804 INFO o.a.j.t.JMeterThread: Thread finished: Gateway Mixed Load 1-46
2026-06-05 14:51:20,804 INFO o.a.j.e.StandardJMeterEngine: Notifying test listeners of end of test
2026-06-05 14:51:20,806 INFO o.a.j.r.Summariser: summary +   1768 in 00:00:21 =   85.2/s Avg:    40 Min:     1 Max:   354 Err:     0 (0.00%) Active: 0 Started: 46 Finished: 46
2026-06-05 14:51:20,809 INFO o.a.j.r.Summariser: summary =   2300 in 00:00:32 =   72.2/s Avg:    40 Min:     1 Max:   918 Err:     0 (0.00%)
2026-06-05 14:51:20,814 INFO o.a.j.JMeter: Generating Dashboard
2026-06-05 14:51:20,814 INFO o.a.j.r.d.ReportGenerator: Flushing result collector before report Generation
2026-06-05 14:51:20,909 INFO o.a.j.r.p.NormalizerSampleConsumer: Using format, 'ms', to parse timeStamp field
2026-06-05 14:51:21,442 INFO o.a.j.r.p.AbstractSampleConsumer: class org.apache.jmeter.report.processor.AggregateConsumer#stopProducing(): beginDate produced 0 samples
2026-06-05 14:51:21,442 INFO o.a.j.r.p.AbstractSampleConsumer: class org.apache.jmeter.report.processor.AggregateConsumer#stopProducing(): endDate produced 0 samples
2026-06-05 14:51:21,450 INFO o.a.j.r.p.AbstractSampleConsumer: class org.apache.jmeter.report.processor.ApdexSummaryConsumer#stopProducing(): apdexSummary produced 0 samples
2026-06-05 14:51:21,451 INFO o.a.j.r.p.AbstractSampleConsumer: class org.apache.jmeter.report.processor.RequestsSummaryConsumer#stopProducing(): requestsSummary produced 0 samples
2026-06-05 14:51:21,478 INFO o.a.j.r.p.AbstractSampleConsumer: class org.apache.jmeter.report.processor.StatisticsSummaryConsumer#stopProducing(): statisticsSummary produced 0 samples
2026-06-05 14:51:21,484 INFO o.a.j.r.p.AbstractSampleConsumer: class org.apache.jmeter.report.processor.Top5ErrorsBySamplerConsumer#stopProducing(): top5ErrorsBySampler produced 0 samples
2026-06-05 14:51:21,487 INFO o.a.j.r.p.AbstractSampleConsumer: class org.apache.jmeter.report.processor.ErrorsSummaryConsumer#stopProducing(): errorsSummary produced 0 samples
2026-06-05 14:51:21,487 INFO o.a.j.r.p.AbstractSampleConsumer: class org.apache.jmeter.report.processor.graph.impl.HitsPerSecondGraphConsumer#stopProducing(): hitsPerSecond produced 0 samples
2026-06-05 14:51:21,656 INFO o.a.j.r.p.AbstractSampleConsumer: class org.apache.jmeter.report.processor.graph.impl.LatencyVSRequestGraphConsumer#stopProducing(): latencyVsRequest produced 0 samples
2026-06-05 14:51:21,657 INFO o.a.j.r.p.AbstractSampleConsumer: class org.apache.jmeter.report.processor.graph.impl.SyntheticResponseTimeDistributionGraphConsumer#stopProducing(): syntheticResponseTimeDistribution produced 0 samples
2026-06-05 14:51:21,658 INFO o.a.j.r.p.AbstractSampleConsumer: class org.apache.jmeter.report.processor.graph.impl.BytesThroughputGraphConsumer#stopProducing(): bytesThroughputOverTime produced 0 samples
2026-06-05 14:51:21,658 INFO o.a.j.r.p.AbstractSampleConsumer: class org.apache.jmeter.report.processor.graph.impl.CodesPerSecondGraphConsumer#stopProducing(): codesPerSecond produced 0 samples
2026-06-05 14:51:21,740 INFO o.a.j.r.p.AbstractSampleConsumer: class org.apache.jmeter.report.processor.graph.impl.ResponseTimeVSRequestGraphConsumer#stopProducing(): responseTimeVsRequest produced 0 samples
2026-06-05 14:51:21,742 INFO o.a.j.r.p.AbstractSampleConsumer: class org.apache.jmeter.report.processor.FilterConsumer#stopProducing(): startIntervalControlerFilter produced 16100 samples
2026-06-05 14:51:21,742 INFO o.a.j.r.p.AbstractSampleConsumer: class org.apache.jmeter.report.processor.graph.impl.TotalTPSGraphConsumer#stopProducing(): totalTPS produced 0 samples
2026-06-05 14:51:21,742 INFO o.a.j.r.p.AbstractSampleConsumer: class org.apache.jmeter.report.processor.graph.impl.ActiveThreadsGraphConsumer#stopProducing(): activeThreadsOverTime produced 0 samples
2026-06-05 14:51:21,742 INFO o.a.j.r.p.AbstractSampleConsumer: class org.apache.jmeter.report.processor.graph.impl.TimeVSThreadGraphConsumer#stopProducing(): timeVsThreads produced 0 samples
2026-06-05 14:51:21,746 INFO o.a.j.r.p.AbstractSampleConsumer: class org.apache.jmeter.report.processor.graph.impl.ResponseTimeDistributionGraphConsumer#stopProducing(): responseTimeDistribution produced 0 samples
2026-06-05 14:51:21,747 INFO o.a.j.r.p.AbstractSampleConsumer: class org.apache.jmeter.report.processor.graph.impl.TransactionsPerSecondGraphConsumer#stopProducing(): transactionsPerSecond produced 0 samples
2026-06-05 14:51:21,748 INFO o.a.j.r.p.AbstractSampleConsumer: class org.apache.jmeter.report.processor.graph.impl.ResponseTimePercentilesGraphConsumer#stopProducing(): responseTimePercentiles produced 0 samples
2026-06-05 14:51:21,764 INFO o.a.j.r.p.AbstractSampleConsumer: class org.apache.jmeter.report.processor.graph.impl.ResponseTimePercentilesOverTimeGraphConsumer#stopProducing(): responseTimePercentilesOverTime produced 0 samples
2026-06-05 14:51:21,765 INFO o.a.j.r.p.AbstractSampleConsumer: class org.apache.jmeter.report.processor.graph.impl.ResponseTimeOverTimeGraphConsumer#stopProducing(): responseTimesOverTime produced 0 samples
2026-06-05 14:51:21,765 INFO o.a.j.r.p.AbstractSampleConsumer: class org.apache.jmeter.report.processor.graph.impl.ConnectTimeOverTimeGraphConsumer#stopProducing(): connectTimeOverTime produced 0 samples
2026-06-05 14:51:21,765 INFO o.a.j.r.p.AbstractSampleConsumer: class org.apache.jmeter.report.processor.graph.impl.LatencyOverTimeGraphConsumer#stopProducing(): latenciesOverTime produced 0 samples
2026-06-05 14:51:21,765 INFO o.a.j.r.p.AbstractSampleConsumer: class org.apache.jmeter.report.processor.FilterConsumer#stopProducing(): nameFilter produced 34500 samples
2026-06-05 14:51:21,769 INFO o.a.j.r.p.AbstractSampleConsumer: class org.apache.jmeter.report.processor.FilterConsumer#stopProducing(): dateRangeFilter produced 6900 samples
2026-06-05 14:51:21,769 INFO o.a.j.r.p.AbstractSampleConsumer: class org.apache.jmeter.report.processor.NormalizerSampleConsumer#stopProducing(): normalizer produced 2300 samples
2026-06-05 14:51:21,771 INFO o.a.j.r.p.CsvFileSampleSource: produce(): 2300 samples produced in 795ms on channel 0
2026-06-05 14:51:21,771 INFO o.a.j.r.d.ReportGenerator: Exporting data using exporter:'json' of className:'org.apache.jmeter.report.dashboard.JsonExporter'
2026-06-05 14:51:22,018 INFO o.a.j.r.d.JsonExporter: Found data for consumer statisticsSummary in context
2026-06-05 14:51:22,018 INFO o.a.j.r.d.JsonExporter: Creating statistics for overall
2026-06-05 14:51:22,019 INFO o.a.j.r.d.JsonExporter: Creating statistics for other transactions
2026-06-05 14:51:22,019 INFO o.a.j.r.d.JsonExporter: Checking output folder
2026-06-05 14:51:22,023 INFO o.a.j.r.d.JsonExporter: Writing statistics JSON to C:\fig\jmeter-results\gateway-stress-20260605-145027\html-report\statistics.json
2026-06-05 14:51:22,119 INFO o.a.j.r.d.ReportGenerator: Exporting data using exporter:'html' of className:'org.apache.jmeter.report.dashboard.HtmlTemplateExporter'
2026-06-05 14:51:22,127 INFO o.a.j.r.d.HtmlTemplateExporter: Will generate dashboard in folder: C:\fig\jmeter-results\gateway-stress-20260605-145027\html-report
2026-06-05 14:51:22,423 INFO o.a.j.r.d.HtmlTemplateExporter: Report will be generated in: C:\fig\jmeter-results\gateway-stress-20260605-145027\html-report, creating folder structure
2026-06-05 14:51:22,432 INFO o.a.j.r.d.TemplateVisitor: Copying folder from 'C:\Users\seth\Downloads\apache-jmeter-5.6.3\apache-jmeter-5.6.3\bin\report-template' to 'C:\fig\jmeter-results\gateway-stress-20260605-145027\html-report', got message: C:\fig\jmeter-results\gateway-stress-20260605-145027\html-report, found non empty folder with following content [C:\fig\jmeter-results\gateway-stress-20260605-145027\html-report\statistics.json], will be ignored
2026-06-05 14:51:23,957 INFO o.a.j.JMeter: Dashboard generated
